
> skills-matcher@0.1.0 build
> next build

node.exe :  ΓÜá Mismatching @next/swc version, detected: 15.5.7 while Next.js 
is on 15.5.11. Please ensure these match
At line:1 char:1
+ & "C:\Program Files\nodejs/node.exe" "C:\Program Files\nodejs/node_mo ...
+ ~~~~~~~~~~~~~~~~~~~~~~~~~~~~~~~~~~~~~~~~~~~~~~~~~~~~~~~~~~~~~~~~~~~~~
    + CategoryInfo          : NotSpecified: ( ΓÜá Mismatchin...ure these match: 
   String) [], RemoteException
    + FullyQualifiedErrorId : NativeCommandError
 
   Γû▓ Next.js 15.5.11
   - Environments: .env.local

   Creating an optimized production build ...
 ΓÜá Mismatching @next/swc version, detected: 15.5.7 while Next.js is on 
15.5.11. Please ensure these match
 ΓÜá Mismatching @next/swc version, detected: 15.5.7 while Next.js is on 
15.5.11. Please ensure these match
 ΓÜá Mismatching @next/swc version, detected: 15.5.7 while Next.js is on 
15.5.11. Please ensure these match
 Γ£ô Compiled successfully in 2.6s
   Linting and checking validity of types ...
Failed to compile.

./src/components/ui/FileUpload.tsx:4:1
Type error: 'Button' is declared but its value is never read.

[0m [90m 2 |[39m
 [90m 3 |[39m [36mimport[39m [33mReact[39m [36mfrom[39m 
[32m"react"[39m[33m;[39m
[31m[1m>[22m[39m[90m 4 |[39m [36mimport[39m { [33mButton[39m } 
[36mfrom[39m [32m"./Button"[39m[33m;[39m
 [90m   |[39m [31m[1m^[22m[39m
 [90m 5 |[39m
 [90m 6 |[39m [36minterface[39m [33mFileUploadProps[39m {
 [90m 7 |[39m   label[33m:[39m string[33m;[39m[0m
Next.js build worker exited with code: 1 and signal: null
